// Jest Snapshot v1, https://goo.gl/fbAQLP

exports[`<About /> renders 1`] = `
<div>
  <p>
    About page
  </p>
</div>
`;
